// Jest Snapshot v1, https://goo.gl/fbAQLP

exports[`random combinationList when given a list with length n = 10 and given a valid k = 1 should match the snapshot 1`] = `
Array [
  1,
]
`;

exports[`random combinationList when given a list with length n = 10 and given a valid k = 2 should match the snapshot 1`] = `
Array [
  1,
  9,
]
`;

exports[`random combinationList when given a list with length n = 10 and given a valid k = 5 should match the snapshot 1`] = `
Array [
  0,
  6,
  7,
  1,
  9,
]
`;

exports[`random combinationList when given a list with length n = 10 and given a valid k = 9 should match the snapshot 1`] = `
Array [
  0,
  2,
  3,
  4,
  5,
  6,
  7,
  1,
  9,
]
`;

exports[`random combinationList when given a list with length n = 10 and given a valid k = 10 should match the snapshot 1`] = `
Array [
  0,
  1,
  2,
  3,
  4,
  5,
  6,
  7,
  8,
  9,
]
`;

exports[`random permutationList when given a list with length n = 10 should match the snapshot 1`] = `
Array [
  2,
  0,
  1,
  3,
  4,
  5,
  6,
  7,
  8,
  9,
]
`;
